Archive member included because of file (symbol)

c:/program files (x86)/atmel/atmel toolchain/avr8 gcc/native/3.4.1061/avr8-gnu-toolchain/bin/../lib/gcc/avr/4.8.1/avr5\libgcc.a(_exit.o)
                              c:/program files (x86)/atmel/atmel toolchain/avr8 gcc/native/3.4.1061/avr8-gnu-toolchain/bin/../lib/gcc/avr/4.8.1/../../../../avr/lib/avr5/crtm32.o (exit)
c:/program files (x86)/atmel/atmel toolchain/avr8 gcc/native/3.4.1061/avr8-gnu-toolchain/bin/../lib/gcc/avr/4.8.1/avr5\libgcc.a(_copy_data.o)
                              MCAL/EXTI/atmega32_EXTI_Driver.o (__do_copy_data)
c:/program files (x86)/atmel/atmel toolchain/avr8 gcc/native/3.4.1061/avr8-gnu-toolchain/bin/../lib/gcc/avr/4.8.1/avr5\libgcc.a(_clear_bss.o)
                              HAL/keypad/keypad.o (__do_clear_bss)

Allocating common symbols
Common symbol       size              file

gP2rowsPins         0x2               HAL/keypad/keypad.o
gcolsNumber         0x1               HAL/keypad/keypad.o
growsNumber         0x1               HAL/keypad/keypad.o
gP2keys             0x2               HAL/keypad/keypad.o
gP2colsPins         0x2               HAL/keypad/keypad.o
GP_IRQ_CallBack     0x6               MCAL/EXTI/atmega32_EXTI_Driver.o

Discarded input sections

 .data          0x00000000        0x0 c:/program files (x86)/atmel/atmel toolchain/avr8 gcc/native/3.4.1061/avr8-gnu-toolchain/bin/../lib/gcc/avr/4.8.1/../../../../avr/lib/avr5/crtm32.o
 .bss           0x00000000        0x0 c:/program files (x86)/atmel/atmel toolchain/avr8 gcc/native/3.4.1061/avr8-gnu-toolchain/bin/../lib/gcc/avr/4.8.1/../../../../avr/lib/avr5/crtm32.o
 .text          0x00000000        0x0 ATMEGA32.o
 .data          0x00000000        0x0 ATMEGA32.o
 .bss           0x00000000        0x0 ATMEGA32.o
 .text          0x00000000        0x0 HAL/keypad/keypad.o
 .data          0x00000000        0x0 HAL/keypad/keypad.o
 .bss           0x00000000        0x0 HAL/keypad/keypad.o
 .text.HAL_keypad_Init
                0x00000000       0xc6 HAL/keypad/keypad.o
 .text.HAL_keypad_getKey
                0x00000000       0xda HAL/keypad/keypad.o
 .debug_info    0x00000000      0x33d HAL/keypad/keypad.o
 .debug_abbrev  0x00000000      0x138 HAL/keypad/keypad.o
 .debug_loc     0x00000000      0x18f HAL/keypad/keypad.o
 .debug_aranges
                0x00000000       0x28 HAL/keypad/keypad.o
 .debug_ranges  0x00000000       0x18 HAL/keypad/keypad.o
 .debug_line    0x00000000      0x111 HAL/keypad/keypad.o
 .debug_str     0x00000000      0x269 HAL/keypad/keypad.o
 .comment       0x00000000       0x31 HAL/keypad/keypad.o
 .debug_frame   0x00000000       0x68 HAL/keypad/keypad.o
 COMMON         0x00000000        0x8 HAL/keypad/keypad.o
 .text          0x00000000        0x0 HAL/LCD/LCD.o
 .data          0x00000000        0x0 HAL/LCD/LCD.o
 .bss           0x00000000        0x0 HAL/LCD/LCD.o
 .text.HAL_LCD_Clear
                0x00000000       0xc0 HAL/LCD/LCD.o
 .text.HAL_LCD_Home
                0x00000000       0xc0 HAL/LCD/LCD.o
 .text.HAL_LCD_writeString
                0x00000000       0x2a HAL/LCD/LCD.o
 .text.HAL_LCD_GoXY
                0x00000000       0x1a HAL/LCD/LCD.o
 .text.HAL_LCD_autoShiftLeft
                0x00000000       0xc0 HAL/LCD/LCD.o
 .text.HAL_LCD_noAutoShiftLeft
                0x00000000       0xc0 HAL/LCD/LCD.o
 .text.HAL_LCD_autoShiftRight
                0x00000000       0xc0 HAL/LCD/LCD.o
 .text.HAL_LCD_noAutoShiftRight
                0x00000000       0xc0 HAL/LCD/LCD.o
 .text.HAL_LCD_writeLeftToRight
                0x00000000       0xc0 HAL/LCD/LCD.o
 .text.HAL_LCD_writeRightToLeft
                0x00000000       0xc0 HAL/LCD/LCD.o
 .text.HAL_LCD_displayOn
                0x00000000       0xc0 HAL/LCD/LCD.o
 .text.HAL_LCD_displayOff
                0x00000000       0xc0 HAL/LCD/LCD.o
 .text.HAL_LCD_cursorOn
                0x00000000       0xc0 HAL/LCD/LCD.o
 .text.HAL_LCD_cursorOff
                0x00000000       0xc0 HAL/LCD/LCD.o
 .text.HAL_LCD_blinkOn
                0x00000000       0xc0 HAL/LCD/LCD.o
 .text.HAL_LCD_blinkOff
                0x00000000       0xc0 HAL/LCD/LCD.o
 .text.HAL_LCD_moveCursorLeft
                0x00000000       0xc0 HAL/LCD/LCD.o
 .text.HAL_LCD_moveCursorRight
                0x00000000       0xc0 HAL/LCD/LCD.o
 .text.HAL_LCD_moveDisplayLeft
                0x00000000       0xc0 HAL/LCD/LCD.o
 .text.HAL_LCD_moveDisplayRight
                0x00000000       0xc0 HAL/LCD/LCD.o
 .text          0x00000000        0x0 HAL/MAX7221/MAX7221.o
 .data          0x00000000        0x0 HAL/MAX7221/MAX7221.o
 .bss           0x00000000        0x0 HAL/MAX7221/MAX7221.o
 .debug_line    0x00000000        0x0 HAL/MAX7221/MAX7221.o
 .debug_str     0x00000000        0x0 HAL/MAX7221/MAX7221.o
 .comment       0x00000000       0x31 HAL/MAX7221/MAX7221.o
 .text          0x00000000        0x0 MCAL/EXTI/atmega32_EXTI_Driver.o
 .data          0x00000000        0x0 MCAL/EXTI/atmega32_EXTI_Driver.o
 .bss           0x00000000        0x0 MCAL/EXTI/atmega32_EXTI_Driver.o
 .text.MCAL_EXTI_Init
                0x00000000      0x118 MCAL/EXTI/atmega32_EXTI_Driver.o
 .data.GP2EXTI_MCU
                0x00000000        0x2 MCAL/EXTI/atmega32_EXTI_Driver.o
 .data.GP2EXTI_GI
                0x00000000        0x2 MCAL/EXTI/atmega32_EXTI_Driver.o
 .text          0x00000000        0x0 MCAL/GPIO/atmega32_GPIO_Driver.o
 .data          0x00000000        0x0 MCAL/GPIO/atmega32_GPIO_Driver.o
 .bss           0x00000000        0x0 MCAL/GPIO/atmega32_GPIO_Driver.o
 .text.MCAL_GPIO_writePort
                0x00000000        0x6 MCAL/GPIO/atmega32_GPIO_Driver.o
 .text.MCAL_GPIO_readPin
                0x00000000       0x10 MCAL/GPIO/atmega32_GPIO_Driver.o
 .text.MCAL_GPIO_readPort
                0x00000000        0x6 MCAL/GPIO/atmega32_GPIO_Driver.o
 .text.MCAL_GPIO_togglePin
                0x00000000        0xa MCAL/GPIO/atmega32_GPIO_Driver.o
 .text.MCAL_GPIO_togglePort
                0x00000000        0xa MCAL/GPIO/atmega32_GPIO_Driver.o
 .text          0x00000000        0x0 MCAL/SPI/atmega32_SPI_Driver.o
 .data          0x00000000        0x0 MCAL/SPI/atmega32_SPI_Driver.o
 .bss           0x00000000        0x0 MCAL/SPI/atmega32_SPI_Driver.o
 .debug_line    0x00000000        0x0 MCAL/SPI/atmega32_SPI_Driver.o
 .debug_str     0x00000000        0x0 MCAL/SPI/atmega32_SPI_Driver.o
 .comment       0x00000000       0x31 MCAL/SPI/atmega32_SPI_Driver.o
 .text          0x00000000        0x0 MCAL/USART/atmega32_USART_Driver.o
 .data          0x00000000        0x0 MCAL/USART/atmega32_USART_Driver.o
 .bss           0x00000000        0x0 MCAL/USART/atmega32_USART_Driver.o
 .text.MCAL_USART_sendData
                0x00000000       0x1a MCAL/USART/atmega32_USART_Driver.o
 .text          0x00000000        0x0 c:/program files (x86)/atmel/atmel toolchain/avr8 gcc/native/3.4.1061/avr8-gnu-toolchain/bin/../lib/gcc/avr/4.8.1/avr5\libgcc.a(_exit.o)
 .data          0x00000000        0x0 c:/program files (x86)/atmel/atmel toolchain/avr8 gcc/native/3.4.1061/avr8-gnu-toolchain/bin/../lib/gcc/avr/4.8.1/avr5\libgcc.a(_exit.o)
 .bss           0x00000000        0x0 c:/program files (x86)/atmel/atmel toolchain/avr8 gcc/native/3.4.1061/avr8-gnu-toolchain/bin/../lib/gcc/avr/4.8.1/avr5\libgcc.a(_exit.o)
 .text.libgcc.mul
                0x00000000        0x0 c:/program files (x86)/atmel/atmel toolchain/avr8 gcc/native/3.4.1061/avr8-gnu-toolchain/bin/../lib/gcc/avr/4.8.1/avr5\libgcc.a(_exit.o)
 .text.libgcc.div
                0x00000000        0x0 c:/program files (x86)/atmel/atmel toolchain/avr8 gcc/native/3.4.1061/avr8-gnu-toolchain/bin/../lib/gcc/avr/4.8.1/avr5\libgcc.a(_exit.o)
 .text.libgcc   0x00000000        0x0 c:/program files (x86)/atmel/atmel toolchain/avr8 gcc/native/3.4.1061/avr8-gnu-toolchain/bin/../lib/gcc/avr/4.8.1/avr5\libgcc.a(_exit.o)
 .text.libgcc.prologue
                0x00000000        0x0 c:/program files (x86)/atmel/atmel toolchain/avr8 gcc/native/3.4.1061/avr8-gnu-toolchain/bin/../lib/gcc/avr/4.8.1/avr5\libgcc.a(_exit.o)
 .text.libgcc.builtins
                0x00000000        0x0 c:/program files (x86)/atmel/atmel toolchain/avr8 gcc/native/3.4.1061/avr8-gnu-toolchain/bin/../lib/gcc/avr/4.8.1/avr5\libgcc.a(_exit.o)
 .text.libgcc.fmul
                0x00000000        0x0 c:/program files (x86)/atmel/atmel toolchain/avr8 gcc/native/3.4.1061/avr8-gnu-toolchain/bin/../lib/gcc/avr/4.8.1/avr5\libgcc.a(_exit.o)
 .text.libgcc.fixed
                0x00000000        0x0 c:/program files (x86)/atmel/atmel toolchain/avr8 gcc/native/3.4.1061/avr8-gnu-toolchain/bin/../lib/gcc/avr/4.8.1/avr5\libgcc.a(_exit.o)
 .text          0x00000000        0x0 c:/program files (x86)/atmel/atmel toolchain/avr8 gcc/native/3.4.1061/avr8-gnu-toolchain/bin/../lib/gcc/avr/4.8.1/avr5\libgcc.a(_copy_data.o)
 .data          0x00000000        0x0 c:/program files (x86)/atmel/atmel toolchain/avr8 gcc/native/3.4.1061/avr8-gnu-toolchain/bin/../lib/gcc/avr/4.8.1/avr5\libgcc.a(_copy_data.o)
 .bss           0x00000000        0x0 c:/program files (x86)/atmel/atmel toolchain/avr8 gcc/native/3.4.1061/avr8-gnu-toolchain/bin/../lib/gcc/avr/4.8.1/avr5\libgcc.a(_copy_data.o)
 .text.libgcc.mul
                0x00000000        0x0 c:/program files (x86)/atmel/atmel toolchain/avr8 gcc/native/3.4.1061/avr8-gnu-toolchain/bin/../lib/gcc/avr/4.8.1/avr5\libgcc.a(_copy_data.o)
 .text.libgcc.div
                0x00000000        0x0 c:/program files (x86)/atmel/atmel toolchain/avr8 gcc/native/3.4.1061/avr8-gnu-toolchain/bin/../lib/gcc/avr/4.8.1/avr5\libgcc.a(_copy_data.o)
 .text.libgcc   0x00000000        0x0 c:/program files (x86)/atmel/atmel toolchain/avr8 gcc/native/3.4.1061/avr8-gnu-toolchain/bin/../lib/gcc/avr/4.8.1/avr5\libgcc.a(_copy_data.o)
 .text.libgcc.prologue
                0x00000000        0x0 c:/program files (x86)/atmel/atmel toolchain/avr8 gcc/native/3.4.1061/avr8-gnu-toolchain/bin/../lib/gcc/avr/4.8.1/avr5\libgcc.a(_copy_data.o)
 .text.libgcc.builtins
                0x00000000        0x0 c:/program files (x86)/atmel/atmel toolchain/avr8 gcc/native/3.4.1061/avr8-gnu-toolchain/bin/../lib/gcc/avr/4.8.1/avr5\libgcc.a(_copy_data.o)
 .text.libgcc.fmul
                0x00000000        0x0 c:/program files (x86)/atmel/atmel toolchain/avr8 gcc/native/3.4.1061/avr8-gnu-toolchain/bin/../lib/gcc/avr/4.8.1/avr5\libgcc.a(_copy_data.o)
 .text.libgcc.fixed
                0x00000000        0x0 c:/program files (x86)/atmel/atmel toolchain/avr8 gcc/native/3.4.1061/avr8-gnu-toolchain/bin/../lib/gcc/avr/4.8.1/avr5\libgcc.a(_copy_data.o)
 .text          0x00000000        0x0 c:/program files (x86)/atmel/atmel toolchain/avr8 gcc/native/3.4.1061/avr8-gnu-toolchain/bin/../lib/gcc/avr/4.8.1/avr5\libgcc.a(_clear_bss.o)
 .data          0x00000000        0x0 c:/program files (x86)/atmel/atmel toolchain/avr8 gcc/native/3.4.1061/avr8-gnu-toolchain/bin/../lib/gcc/avr/4.8.1/avr5\libgcc.a(_clear_bss.o)
 .bss           0x00000000        0x0 c:/program files (x86)/atmel/atmel toolchain/avr8 gcc/native/3.4.1061/avr8-gnu-toolchain/bin/../lib/gcc/avr/4.8.1/avr5\libgcc.a(_clear_bss.o)
 .text.libgcc.mul
                0x00000000        0x0 c:/program files (x86)/atmel/atmel toolchain/avr8 gcc/native/3.4.1061/avr8-gnu-toolchain/bin/../lib/gcc/avr/4.8.1/avr5\libgcc.a(_clear_bss.o)
 .text.libgcc.div
                0x00000000        0x0 c:/program files (x86)/atmel/atmel toolchain/avr8 gcc/native/3.4.1061/avr8-gnu-toolchain/bin/../lib/gcc/avr/4.8.1/avr5\libgcc.a(_clear_bss.o)
 .text.libgcc   0x00000000        0x0 c:/program files (x86)/atmel/atmel toolchain/avr8 gcc/native/3.4.1061/avr8-gnu-toolchain/bin/../lib/gcc/avr/4.8.1/avr5\libgcc.a(_clear_bss.o)
 .text.libgcc.prologue
                0x00000000        0x0 c:/program files (x86)/atmel/atmel toolchain/avr8 gcc/native/3.4.1061/avr8-gnu-toolchain/bin/../lib/gcc/avr/4.8.1/avr5\libgcc.a(_clear_bss.o)
 .text.libgcc.builtins
                0x00000000        0x0 c:/program files (x86)/atmel/atmel toolchain/avr8 gcc/native/3.4.1061/avr8-gnu-toolchain/bin/../lib/gcc/avr/4.8.1/avr5\libgcc.a(_clear_bss.o)
 .text.libgcc.fmul
                0x00000000        0x0 c:/program files (x86)/atmel/atmel toolchain/avr8 gcc/native/3.4.1061/avr8-gnu-toolchain/bin/../lib/gcc/avr/4.8.1/avr5\libgcc.a(_clear_bss.o)
 .text.libgcc.fixed
                0x00000000        0x0 c:/program files (x86)/atmel/atmel toolchain/avr8 gcc/native/3.4.1061/avr8-gnu-toolchain/bin/../lib/gcc/avr/4.8.1/avr5\libgcc.a(_clear_bss.o)

Memory Configuration

Name             Origin             Length             Attributes
text             0x00000000         0x00020000         xr
data             0x00800060         0x0000ffa0         rw !x
eeprom           0x00810000         0x00010000         rw !x
fuse             0x00820000         0x00000400         rw !x
lock             0x00830000         0x00000400         rw !x
signature        0x00840000         0x00000400         rw !x
user_signatures  0x00850000         0x00000400         rw !x
*default*        0x00000000         0xffffffff

Linker script and memory map

LOAD c:/program files (x86)/atmel/atmel toolchain/avr8 gcc/native/3.4.1061/avr8-gnu-toolchain/bin/../lib/gcc/avr/4.8.1/../../../../avr/lib/avr5/crtm32.o
LOAD ATMEGA32.o
LOAD HAL/keypad/keypad.o
LOAD HAL/LCD/LCD.o
LOAD HAL/MAX7221/MAX7221.o
LOAD MCAL/EXTI/atmega32_EXTI_Driver.o
LOAD MCAL/GPIO/atmega32_GPIO_Driver.o
LOAD MCAL/SPI/atmega32_SPI_Driver.o
LOAD MCAL/USART/atmega32_USART_Driver.o
START GROUP
LOAD c:/program files (x86)/atmel/atmel toolchain/avr8 gcc/native/3.4.1061/avr8-gnu-toolchain/bin/../lib/gcc/avr/4.8.1/../../../../avr/lib/avr5\libm.a
END GROUP
START GROUP
LOAD c:/program files (x86)/atmel/atmel toolchain/avr8 gcc/native/3.4.1061/avr8-gnu-toolchain/bin/../lib/gcc/avr/4.8.1/avr5\libgcc.a
LOAD c:/program files (x86)/atmel/atmel toolchain/avr8 gcc/native/3.4.1061/avr8-gnu-toolchain/bin/../lib/gcc/avr/4.8.1/../../../../avr/lib/avr5\libm.a
LOAD c:/program files (x86)/atmel/atmel toolchain/avr8 gcc/native/3.4.1061/avr8-gnu-toolchain/bin/../lib/gcc/avr/4.8.1/../../../../avr/lib/avr5\libc.a
END GROUP

.hash
 *(.hash)

.dynsym
 *(.dynsym)

.dynstr
 *(.dynstr)

.gnu.version
 *(.gnu.version)

.gnu.version_d
 *(.gnu.version_d)

.gnu.version_r
 *(.gnu.version_r)

.rel.init
 *(.rel.init)

.rela.init
 *(.rela.init)

.rel.text
 *(.rel.text)
 *(.rel.text.*)
 *(.rel.gnu.linkonce.t*)

.rela.text
 *(.rela.text)
 *(.rela.text.*)
 *(.rela.gnu.linkonce.t*)

.rel.fini
 *(.rel.fini)

.rela.fini
 *(.rela.fini)

.rel.rodata
 *(.rel.rodata)
 *(.rel.rodata.*)
 *(.rel.gnu.linkonce.r*)

.rela.rodata
 *(.rela.rodata)
 *(.rela.rodata.*)
 *(.rela.gnu.linkonce.r*)

.rel.data
 *(.rel.data)
 *(.rel.data.*)
 *(.rel.gnu.linkonce.d*)

.rela.data
 *(.rela.data)
 *(.rela.data.*)
 *(.rela.gnu.linkonce.d*)

.rel.ctors
 *(.rel.ctors)

.rela.ctors
 *(.rela.ctors)

.rel.dtors
 *(.rel.dtors)

.rela.dtors
 *(.rela.dtors)

.rel.got
 *(.rel.got)

.rela.got
 *(.rela.got)

.rel.bss
 *(.rel.bss)

.rela.bss
 *(.rela.bss)

.rel.plt
 *(.rel.plt)

.rela.plt
 *(.rela.plt)

.text           0x00000000      0x626
 *(.vectors)
 .vectors       0x00000000       0x54 c:/program files (x86)/atmel/atmel toolchain/avr8 gcc/native/3.4.1061/avr8-gnu-toolchain/bin/../lib/gcc/avr/4.8.1/../../../../avr/lib/avr5/crtm32.o
                0x00000000                __vector_default
                0x00000000                __vectors
 *(.vectors)
 *(.progmem.gcc*)
                0x00000054                . = ALIGN (0x2)
                0x00000054                __trampolines_start = .
 *(.trampolines)
 .trampolines   0x00000054        0x0 linker stubs
 *(.trampolines*)
                0x00000054                __trampolines_end = .
 *(.progmem*)
                0x00000054                . = ALIGN (0x2)
 *(.jumptables)
 *(.jumptables*)
 *(.lowtext)
 *(.lowtext*)
                0x00000054                __ctors_start = .
 *(.ctors)
                0x00000054                __ctors_end = .
                0x00000054                __dtors_start = .
 *(.dtors)
                0x00000054                __dtors_end = .
 SORT(*)(.ctors)
 SORT(*)(.dtors)
 *(.init0)
 .init0         0x00000054        0x0 c:/program files (x86)/atmel/atmel toolchain/avr8 gcc/native/3.4.1061/avr8-gnu-toolchain/bin/../lib/gcc/avr/4.8.1/../../../../avr/lib/avr5/crtm32.o
                0x00000054                __init
 *(.init0)
 *(.init1)
 *(.init1)
 *(.init2)
 .init2         0x00000054        0xc c:/program files (x86)/atmel/atmel toolchain/avr8 gcc/native/3.4.1061/avr8-gnu-toolchain/bin/../lib/gcc/avr/4.8.1/../../../../avr/lib/avr5/crtm32.o
 *(.init2)
 *(.init3)
 *(.init3)
 *(.init4)
 .init4         0x00000060       0x16 c:/program files (x86)/atmel/atmel toolchain/avr8 gcc/native/3.4.1061/avr8-gnu-toolchain/bin/../lib/gcc/avr/4.8.1/avr5\libgcc.a(_copy_data.o)
                0x00000060                __do_copy_data
 .init4         0x00000076       0x10 c:/program files (x86)/atmel/atmel toolchain/avr8 gcc/native/3.4.1061/avr8-gnu-toolchain/bin/../lib/gcc/avr/4.8.1/avr5\libgcc.a(_clear_bss.o)
                0x00000076                __do_clear_bss
 *(.init4)
 *(.init5)
 *(.init5)
 *(.init6)
 *(.init6)
 *(.init7)
 *(.init7)
 *(.init8)
 *(.init8)
 *(.init9)
 .init9         0x00000086        0x8 c:/program files (x86)/atmel/atmel toolchain/avr8 gcc/native/3.4.1061/avr8-gnu-toolchain/bin/../lib/gcc/avr/4.8.1/../../../../avr/lib/avr5/crtm32.o
 *(.init9)
 *(.text)
 .text          0x0000008e        0x4 c:/program files (x86)/atmel/atmel toolchain/avr8 gcc/native/3.4.1061/avr8-gnu-toolchain/bin/../lib/gcc/avr/4.8.1/../../../../avr/lib/avr5/crtm32.o
                0x0000008e                __vector_12
                0x0000008e                __bad_interrupt
                0x0000008e                __vector_6
                0x0000008e                __vector_11
                0x0000008e                __vector_13
                0x0000008e                __vector_17
                0x0000008e                __vector_19
                0x0000008e                __vector_7
                0x0000008e                __vector_5
                0x0000008e                __vector_4
                0x0000008e                __vector_9
                0x0000008e                __vector_15
                0x0000008e                __vector_8
                0x0000008e                __vector_14
                0x0000008e                __vector_10
                0x0000008e                __vector_16
                0x0000008e                __vector_18
                0x0000008e                __vector_20
                0x00000092                . = ALIGN (0x2)
 *(.text.*)
 .text.startup.main
                0x00000092       0x74 ATMEGA32.o
                0x00000092                main
 .text.LCD_sendCommand
                0x00000106       0xe6 HAL/LCD/LCD.o
                0x00000106                LCD_sendCommand
 .text.LCD_sendData
                0x000001ec       0xe6 HAL/LCD/LCD.o
                0x000001ec                LCD_sendData
 .text.HAL_LCD_Init
                0x000002d2       0xba HAL/LCD/LCD.o
                0x000002d2                HAL_LCD_Init
 .text.HAL_LCD_writeChar
                0x0000038c        0x4 HAL/LCD/LCD.o
                0x0000038c                HAL_LCD_writeChar
 .text.__vector_1
                0x00000390       0x52 MCAL/EXTI/atmega32_EXTI_Driver.o
                0x00000390                __vector_1
 .text.__vector_2
                0x000003e2       0x52 MCAL/EXTI/atmega32_EXTI_Driver.o
                0x000003e2                __vector_2
 .text.__vector_3
                0x00000434       0x52 MCAL/EXTI/atmega32_EXTI_Driver.o
                0x00000434                __vector_3
 .text.MCAL_GPIO_Init
                0x00000486       0x50 MCAL/GPIO/atmega32_GPIO_Driver.o
                0x00000486                MCAL_GPIO_Init
 .text.MCAL_GPIO_writePin
                0x000004d6       0x20 MCAL/GPIO/atmega32_GPIO_Driver.o
                0x000004d6                MCAL_GPIO_writePin
 .text.MCAL_USART_Init
                0x000004f6      0x112 MCAL/USART/atmega32_USART_Driver.o
                0x000004f6                MCAL_USART_Init
 .text.MCAL_USART_receiveData
                0x00000608       0x1a MCAL/USART/atmega32_USART_Driver.o
                0x00000608                MCAL_USART_receiveData
                0x00000622                . = ALIGN (0x2)
 *(.fini9)
 .fini9         0x00000622        0x0 c:/program files (x86)/atmel/atmel toolchain/avr8 gcc/native/3.4.1061/avr8-gnu-toolchain/bin/../lib/gcc/avr/4.8.1/avr5\libgcc.a(_exit.o)
                0x00000622                _exit
                0x00000622                exit
 *(.fini9)
 *(.fini8)
 *(.fini8)
 *(.fini7)
 *(.fini7)
 *(.fini6)
 *(.fini6)
 *(.fini5)
 *(.fini5)
 *(.fini4)
 *(.fini4)
 *(.fini3)
 *(.fini3)
 *(.fini2)
 *(.fini2)
 *(.fini1)
 *(.fini1)
 *(.fini0)
 .fini0         0x00000622        0x4 c:/program files (x86)/atmel/atmel toolchain/avr8 gcc/native/3.4.1061/avr8-gnu-toolchain/bin/../lib/gcc/avr/4.8.1/avr5\libgcc.a(_exit.o)
 *(.fini0)
                0x00000626                _etext = .

.data           0x00800060        0xc load address 0x00000626
                0x00800060                PROVIDE (__data_start, .)
 *(.data)
 *(.data*)
 .data.GPtr2UCSRC
                0x00800060        0x2 MCAL/USART/atmega32_USART_Driver.o
                0x00800060                GPtr2UCSRC
 .data.GPtr2UBRRH
                0x00800062        0x2 MCAL/USART/atmega32_USART_Driver.o
                0x00800062                GPtr2UBRRH
 .data.GPtr2UDR
                0x00800064        0x2 MCAL/USART/atmega32_USART_Driver.o
                0x00800064                GPtr2UDR
 .data.GPtr2UCSRA
                0x00800066        0x2 MCAL/USART/atmega32_USART_Driver.o
                0x00800066                GPtr2UCSRA
 .data.GPtr2UCSRB
                0x00800068        0x2 MCAL/USART/atmega32_USART_Driver.o
                0x00800068                GPtr2UCSRB
 .data.GPtr2UBRRL
                0x0080006a        0x2 MCAL/USART/atmega32_USART_Driver.o
                0x0080006a                GPtr2UBRRL
 *(.rodata)
 *(.rodata*)
 *(.gnu.linkonce.d*)
                0x0080006c                . = ALIGN (0x2)
                0x0080006c                _edata = .
                0x0080006c                PROVIDE (__data_end, .)

.bss            0x0080006c        0x6
                0x0080006c                PROVIDE (__bss_start, .)
 *(.bss)
 *(.bss*)
 *(COMMON)
 COMMON         0x0080006c        0x6 MCAL/EXTI/atmega32_EXTI_Driver.o
                0x0080006c                GP_IRQ_CallBack
                0x00800072                PROVIDE (__bss_end, .)
                0x00000626                __data_load_start = LOADADDR (.data)
                0x00000632                __data_load_end = (__data_load_start + SIZEOF (.data))

.noinit         0x00800072        0x0
                0x00800072                PROVIDE (__noinit_start, .)
 *(.noinit*)
                0x00800072                PROVIDE (__noinit_end, .)
                0x00800072                _end = .
                0x00800072                PROVIDE (__heap_start, .)

.eeprom         0x00810000        0x0
 *(.eeprom*)
                0x00810000                __eeprom_end = .

.fuse
 *(.fuse)
 *(.lfuse)
 *(.hfuse)
 *(.efuse)

.lock
 *(.lock*)

.signature
 *(.signature*)

.user_signatures
 *(.user_signatures*)

.stab
 *(.stab)

.stabstr
 *(.stabstr)

.stab.excl
 *(.stab.excl)

.stab.exclstr
 *(.stab.exclstr)

.stab.index
 *(.stab.index)

.stab.indexstr
 *(.stab.indexstr)

.comment        0x00000000       0x30
 *(.comment)
 .comment       0x00000000       0x30 ATMEGA32.o
                                 0x31 (size before relaxing)
 .comment       0x00000000       0x31 HAL/LCD/LCD.o
 .comment       0x00000000       0x31 MCAL/EXTI/atmega32_EXTI_Driver.o
 .comment       0x00000000       0x31 MCAL/GPIO/atmega32_GPIO_Driver.o
 .comment       0x00000000       0x31 MCAL/USART/atmega32_USART_Driver.o

.note.gnu.build-id
 *(.note.gnu.build-id)

.debug
 *(.debug)

.line
 *(.line)

.debug_srcinfo
 *(.debug_srcinfo)

.debug_sfnames
 *(.debug_sfnames)

.debug_aranges  0x00000000      0x1b0
 *(.debug_aranges)
 .debug_aranges
                0x00000000       0x20 ATMEGA32.o
 .debug_aranges
                0x00000020       0xd8 HAL/LCD/LCD.o
 .debug_aranges
                0x000000f8       0x38 MCAL/EXTI/atmega32_EXTI_Driver.o
 .debug_aranges
                0x00000130       0x50 MCAL/GPIO/atmega32_GPIO_Driver.o
 .debug_aranges
                0x00000180       0x30 MCAL/USART/atmega32_USART_Driver.o

.debug_pubnames
 *(.debug_pubnames)

.debug_info     0x00000000     0x426a
 *(.debug_info .gnu.linkonce.wi.*)
 .debug_info    0x00000000      0x309 ATMEGA32.o
 .debug_info    0x00000309     0x3579 HAL/LCD/LCD.o
 .debug_info    0x00003882      0x2fe MCAL/EXTI/atmega32_EXTI_Driver.o
 .debug_info    0x00003b80      0x282 MCAL/GPIO/atmega32_GPIO_Driver.o
 .debug_info    0x00003e02      0x468 MCAL/USART/atmega32_USART_Driver.o

.debug_abbrev   0x00000000      0x670
 *(.debug_abbrev)
 .debug_abbrev  0x00000000      0x11b ATMEGA32.o
 .debug_abbrev  0x0000011b      0x234 HAL/LCD/LCD.o
 .debug_abbrev  0x0000034f      0x11d MCAL/EXTI/atmega32_EXTI_Driver.o
 .debug_abbrev  0x0000046c       0xd1 MCAL/GPIO/atmega32_GPIO_Driver.o
 .debug_abbrev  0x0000053d      0x133 MCAL/USART/atmega32_USART_Driver.o

.debug_line     0x00000000      0xafb
 *(.debug_line .debug_line.* .debug_line_end)
 .debug_line    0x00000000       0xf6 ATMEGA32.o
 .debug_line    0x000000f6      0x6e6 HAL/LCD/LCD.o
 .debug_line    0x000007dc      0x11b MCAL/EXTI/atmega32_EXTI_Driver.o
 .debug_line    0x000008f7      0x119 MCAL/GPIO/atmega32_GPIO_Driver.o
 .debug_line    0x00000a10       0xeb MCAL/USART/atmega32_USART_Driver.o

.debug_frame    0x00000000      0x514
 *(.debug_frame)
 .debug_frame   0x00000000       0x34 ATMEGA32.o
 .debug_frame   0x00000034      0x2bc HAL/LCD/LCD.o
 .debug_frame   0x000002f0      0x150 MCAL/EXTI/atmega32_EXTI_Driver.o
 .debug_frame   0x00000440       0x84 MCAL/GPIO/atmega32_GPIO_Driver.o
 .debug_frame   0x000004c4       0x50 MCAL/USART/atmega32_USART_Driver.o

.debug_str      0x00000000      0x7ad
 *(.debug_str)
 .debug_str     0x00000000      0x270 ATMEGA32.o
                                0x2aa (size before relaxing)
 .debug_str     0x00000270      0x248 HAL/LCD/LCD.o
                                0x458 (size before relaxing)
 .debug_str     0x000004b8      0x103 MCAL/EXTI/atmega32_EXTI_Driver.o
                                0x2c6 (size before relaxing)
 .debug_str     0x000005bb       0x9c MCAL/GPIO/atmega32_GPIO_Driver.o
                                0x248 (size before relaxing)
 .debug_str     0x00000657      0x156 MCAL/USART/atmega32_USART_Driver.o
                                0x338 (size before relaxing)

.debug_loc      0x00000000     0x1352
 *(.debug_loc)
 .debug_loc     0x00000000       0x6f ATMEGA32.o
 .debug_loc     0x0000006f      0xea6 HAL/LCD/LCD.o
 .debug_loc     0x00000f15      0x325 MCAL/EXTI/atmega32_EXTI_Driver.o
 .debug_loc     0x0000123a       0xc1 MCAL/GPIO/atmega32_GPIO_Driver.o
 .debug_loc     0x000012fb       0x57 MCAL/USART/atmega32_USART_Driver.o

.debug_macinfo
 *(.debug_macinfo)

.debug_weaknames
 *(.debug_weaknames)

.debug_funcnames
 *(.debug_funcnames)

.debug_typenames
 *(.debug_typenames)

.debug_varnames
 *(.debug_varnames)

.debug_pubtypes
 *(.debug_pubtypes)

.debug_ranges   0x00000000      0x160
 *(.debug_ranges)
 .debug_ranges  0x00000000       0x10 ATMEGA32.o
 .debug_ranges  0x00000010       0xc8 HAL/LCD/LCD.o
 .debug_ranges  0x000000d8       0x28 MCAL/EXTI/atmega32_EXTI_Driver.o
 .debug_ranges  0x00000100       0x40 MCAL/GPIO/atmega32_GPIO_Driver.o
 .debug_ranges  0x00000140       0x20 MCAL/USART/atmega32_USART_Driver.o

.debug_macro
 *(.debug_macro)
OUTPUT(ATMEGA32.elf elf32-avr)
LOAD linker stubs
